5
2 E lp int
1 E2 plus
2 F lp int
2 T lp int
1 T2 mul